// Jest Snapshot v1, https://goo.gl/fbAQLP

exports[`SimpleFilterDropdown Renders without crashing 1`] = `
<Dropdown
  dropdownItems={
    Array [
      <DropdownItem
        component="button"
        onClick={[Function]}
      >
        Option 1
      </DropdownItem>,
      <DropdownItem
        component="button"
        onClick={[Function]}
      >
        Option 2
      </DropdownItem>,
      <DropdownItem
        component="button"
        onClick={[Function]}
      >
        Option 3
      </DropdownItem>,
    ]
  }
  isOpen={false}
  onSelect={[Function]}
  position="left"
  toggle={
    <DropdownToggle
      onToggle={[Function]}
    >
      <UNDEFINED />
       
      My label
    </DropdownToggle>
  }
/>
`;
