// Jest Snapshot v1, https://goo.gl/fbAQLP

exports[`InputTextFilter Renders without crashing 1`] = `
<InputGroup>
  <TextInput
    aria-label="filter-text"
    onChange={[Function]}
    onKeyPress={[Function]}
    placeholder="terms.filter"
    type="text"
    value=""
  />
  <Button
    aria-label="search"
    onClick={[Function]}
    variant="control"
  >
    <Component />
  </Button>
</InputGroup>
`;
