// Jest Snapshot v1, https://goo.gl/fbAQLP

exports[`ApplicationAssessmentPageHeader Renders without crashing 1`] = `
<Provider
  store={
    Object {
      "@@observable": [Function],
      "dispatch": [Function],
      "getState": [Function],
      "replaceReducer": [Function],
      "subscribe": [Function],
    }
  }
>
  <Component
    assessment={
      Object {
        "applicationId": 1,
        "questionnaire": Object {
          "categories": Array [],
        },
        "status": "STARTED",
      }
    }
  >
    <Component
      breadcrumbs={
        Array [
          Object {
            "path": [Function],
            "title": "terms.applications",
          },
          Object {
            "path": "/applications/assessment/:assessmentId",
            "title": "terms.assessment",
          },
        ]
      }
      btnActions={<React.Fragment />}
      description={
        <Text
          component="p"
        />
      }
      menuActions={Array []}
      title="composed.applicationAssessment"
    >
      <Stack
        hasGutter={true}
      >
        <div
          className="pf-l-stack pf-m-gutter"
        >
          <StackItem>
            <div
              className="pf-l-stack__item"
            >
              <Component
                breadcrumbs={
                  Array [
                    Object {
                      "path": [Function],
                      "title": "terms.applications",
                    },
                    Object {
                      "path": "/applications/assessment/:assessmentId",
                      "title": "terms.assessment",
                    },
                  ]
                }
              >
                <Breadcrumb>
                  <nav
                    aria-label="Breadcrumb"
                    className="pf-c-breadcrumb"
                    data-ouia-component-id="OUIA-Generated-Breadcrumb-1"
                    data-ouia-component-type="PF4/Breadcrumb"
                    data-ouia-safe={true}
                  >
                    <ol
                      className="pf-c-breadcrumb__list"
                    >
                      <BreadcrumbItem
                        isActive={false}
                        key=".$0"
                        showDivider={false}
                      >
                        <li
                          className="pf-c-breadcrumb__item"
                        >
                          <Button
                            isInline={true}
                            onClick={[Function]}
                            variant="link"
                          >
                            <ButtonBase
                              innerRef={null}
                              isInline={true}
                              onClick={[Function]}
                              variant="link"
                            >
                              <button
                                aria-disabled={false}
                                aria-label={null}
                                className="pf-c-button pf-m-link pf-m-inline"
                                data-ouia-component-id="OUIA-Generated-Button-link-1"
                                data-ouia-component-type="PF4/Button"
                                data-ouia-safe={true}
                                disabled={false}
                                onClick={[Function]}
                                role={null}
                                type="button"
                              >
                                terms.applications
                              </button>
                            </ButtonBase>
                          </Button>
                        </li>
                      </BreadcrumbItem>
                      <BreadcrumbItem
                        isActive={true}
                        key=".$1"
                        showDivider={true}
                      >
                        <li
                          className="pf-c-breadcrumb__item"
                        >
                          <span
                            className="pf-c-breadcrumb__item-divider"
                          >
                            <AngleRightIcon
                              color="currentColor"
                              noVerticalAlign={false}
                              size="sm"
                            >
                              <svg
                                aria-hidden={true}
                                aria-labelledby={null}
                                fill="currentColor"
                                height="1em"
                                role="img"
                                style={
                                  Object {
                                    "verticalAlign": "-0.125em",
                                  }
                                }
                                viewBox="0 0 256 512"
                                width="1em"
                              >
                                <path
                                  d="M224.3 273l-136 136c-9.4 9.4-24.6 9.4-33.9 0l-22.6-22.6c-9.4-9.4-9.4-24.6 0-33.9l96.4-96.4-96.4-96.4c-9.4-9.4-9.4-24.6 0-33.9L54.3 103c9.4-9.4 24.6-9.4 33.9 0l136 136c9.5 9.4 9.5 24.6.1 34z"
                                />
                              </svg>
                            </AngleRightIcon>
                          </span>
                          terms.assessment
                        </li>
                      </BreadcrumbItem>
                    </ol>
                  </nav>
                </Breadcrumb>
              </Component>
            </div>
          </StackItem>
          <StackItem>
            <div
              className="pf-l-stack__item"
            >
              <Split>
                <div
                  className="pf-l-split"
                >
                  <SplitItem
                    isFilled={true}
                  >
                    <div
                      className="pf-l-split__item pf-m-fill"
                    >
                      <TextContent>
                        <div
                          className="pf-c-content"
                        >
                          <Text
                            component="h1"
                          >
                            <h1
                              className=""
                              data-ouia-component-id="OUIA-Generated-Text-1"
                              data-ouia-component-type="PF4/Text"
                              data-ouia-safe={true}
                              data-pf-content={true}
                            >
                              composed.applicationAssessment
                            </h1>
                          </Text>
                          <Text
                            component="p"
                          >
                            <p
                              className=""
                              data-ouia-component-id="OUIA-Generated-Text-2"
                              data-ouia-component-type="PF4/Text"
                              data-ouia-safe={true}
                              data-pf-content={true}
                            />
                          </Text>
                        </div>
                      </TextContent>
                    </div>
                  </SplitItem>
                  <SplitItem>
                    <div
                      className="pf-l-split__item"
                    />
                  </SplitItem>
                </div>
              </Split>
            </div>
          </StackItem>
        </div>
      </Stack>
    </Component>
    <Modal
      actions={Array []}
      appendTo={[Function]}
      aria-describedby=""
      aria-label=""
      aria-labelledby=""
      className=""
      hasNoBodyWrapper={false}
      isOpen={false}
      onClose={[Function]}
      ouiaSafe={true}
      showClose={true}
      title="composed.manageDependenciesFor"
      titleIconVariant={null}
      titleLabel=""
      variant="medium"
    >
      <Portal
        containerInfo={<div />}
      >
        <ModalContent
          actions={Array []}
          aria-describedby=""
          aria-label=""
          aria-labelledby=""
          boxId="pf-modal-part-0"
          className=""
          descriptorId="pf-modal-part-2"
          hasNoBodyWrapper={false}
          isOpen={false}
          labelId="pf-modal-part-1"
          onClose={[Function]}
          ouiaId="OUIA-Generated-Modal-medium-1"
          ouiaSafe={true}
          showClose={true}
          title="composed.manageDependenciesFor"
          titleIconVariant={null}
          titleLabel=""
          variant="medium"
        />
      </Portal>
    </Modal>
  </Component>
</Provider>
`;
