// Jest Snapshot v1, https://goo.gl/fbAQLP

exports[`Color Renders without crashing 1`] = `
<Split
  hasGutter={true}
>
  <SplitItem>
    <div
      className="color"
      cy-data="color-box"
      style={
        Object {
          "backgroundColor": "#FFF",
        }
      }
    />
  </SplitItem>
  <SplitItem
    isFilled={true}
  >
    <span
      cy-data="color-label"
    >
      #FFF
    </span>
  </SplitItem>
</Split>
`;
